// Jest Snapshot v1, https://goo.gl/fbAQLP

exports[`hello component hello component matches expected snapshot 1`] = `
Array [
  <input
    onChange={[Function]}
  />,
  <h1>
    I'm Markus and i am 20 years old!
  </h1>,
]
`;
